../MEMS/App/app_mems.c:110:6:line_append	16	static
../MEMS/App/app_mems.c:126:6:wyswietl	88	static
../MEMS/App/app_mems.c:183:6:HAL_UART_RxCpltCallback	16	static
../MEMS/App/app_mems.c:190:6:uart_gpio_init	32	static
../MEMS/App/app_mems.c:203:6:uart_init	16	static
../MEMS/App/app_mems.c:220:6:MX_MEMS_Init	16	static
../MEMS/App/app_mems.c:238:6:MX_MEMS_Process	8	static
../MEMS/App/app_mems.c:248:6:HAL_TIM_PeriodElapsedCallback	16	static
../MEMS/App/app_mems.c:254:13:MX_DataLogFusion_Init	32	static
../MEMS/App/app_mems.c:300:13:MX_DataLogFusion_Process	8	static
../MEMS/App/app_mems.c:325:13:Init_Sensors	8	static
../MEMS/App/app_mems.c:338:13:RTC_Handler	48	static
../MEMS/App/app_mems.c:355:6:f2CharArray	24	static
../MEMS/App/app_mems.c:359:13:FX_Data_Handler	168	static
../MEMS/App/app_mems.c:395:6:BSP_PB_Callback	16	static
../MEMS/App/app_mems.c:399:13:Accelero_Sensor_Handler	8	static
../MEMS/App/app_mems.c:405:13:Gyro_Sensor_Handler	8	static
../MEMS/App/app_mems.c:412:13:Magneto_Sensor_Handler	48	static
../MEMS/App/app_mems.c:451:13:Pressure_Sensor_Handler	8	static
../MEMS/App/app_mems.c:456:13:Temperature_Sensor_Handler	8	static
../MEMS/App/app_mems.c:461:13:Humidity_Sensor_Handler	8	static
../MEMS/App/app_mems.c:466:13:TIM_Config	32	static
../MEMS/App/app_mems.c:480:13:DWT_Init	4	static
../MEMS/App/app_mems.c:485:13:DWT_Start	4	static
../MEMS/App/app_mems.c:490:17:DWT_Stop	16	static
